2026-01-14 08:26:58.843: [INFO] VisibilityChanged: 0
2026-01-14 08:26:58.885: [INFO] RecordSyncInitDuration has_sync_been_enabled: 0 state: 0
2026-01-14 08:26:58.886: [INFO] RecordSyncInitDuration has_sync_been_enabled: 0 state: 0
2026-01-14 08:26:58.887: [INFO] RecordSyncInitDuration has_sync_been_enabled: 0 state: 0
2026-01-14 08:26:58.887: [INFO] RecordSyncInitDuration has_sync_been_enabled: 0 state: 0
2026-01-14 08:26:58.888: [INFO] RecordSyncInitDuration has_sync_been_enabled: 0 state: 0
2026-01-14 08:26:58.890: [INFO] RecordSyncInitDuration has_sync_been_enabled: 0 state: 0
2026-01-14 08:26:58.890: [INFO] RecordSyncInitDuration has_sync_been_enabled: 0 state: 0
2026-01-14 08:26:58.891: [INFO] RecordSyncInitDuration has_sync_been_enabled: 0 state: 0
2026-01-14 08:26:58.891: [INFO] RecordSyncInitDuration has_sync_been_enabled: 0 state: 0
2026-01-14 08:26:58.891: [INFO] RecordSyncInitDuration has_sync_been_enabled: 0 state: 0
2026-01-14 08:26:58.892: [INFO] RecordSyncInitDuration has_sync_been_enabled: 0 state: 0
2026-01-14 08:26:58.900: [INFO] BookmarkModelLoaded, ids_reassigned: 0
2026-01-14 08:26:58.900: [INFO] OnDoneLoading sync enabled: 0
2026-01-14 08:26:58.948: [INFO] RecordSyncInitDuration has_sync_been_enabled: 0 state: 0
2026-01-14 08:26:59.111: [INFO] RecordSyncInitDuration has_sync_been_enabled: 0 state: 3
2026-01-14 08:26:59.113: [INFO] Primary account changed.
2026-01-14 08:26:59.113: [INFO] OnPrimaryAccountChanged PrimaryAccountChangeEvent::Type::kSet
2026-01-14 08:26:59.116: [INFO] RecordSyncInitDuration has_sync_been_enabled: 0 state: 3
2026-01-14 08:27:02.398: [INFO] Sync initialization duration: 2656ms
