{"logTime": "0114/082701", "correlationVector":"vlsDlfZTV2tKwOBswVxLbk.1","action":"SyncServerConnectionManagerRequest", "result":"SYNC_SERVER_OK", "context":{"environment":"Prod_francecentral_prod-s01-062-eur-francecentral", "migrationStage":"NotStarted", "server":"akswtt110000025"}}
{"logTime": "0114/082701", "correlationVector":"vlsDlfZTV2tKwOBswVxLbk.2","action":"ProcessGetUpdates", "result":"Done", "context":{"dataType":"Encryption Keys", "deleted":"0", "process_failed_to_decrypt":"0", "process_pending_decryption":"0", "process_success":"1", "total":"1"}}
{"logTime": "0114/082701", "correlationVector":"gsRqpY9N6/s1qgyZD32Kxc","action":"SyncServerConnectionManagerRequest", "result":"SYNC_SERVER_OK", "context":{"environment":"", "migrationStage":"", "server":""}}
{"logTime": "0114/082701", "correlationVector":"gsRqpY9N6/s1qgyZD32Kxc.0","action":"EncryptionKeysFetcher.DownloadKeys:", "result":"Success", "context":Key count: 1, Last key timestamp: 2025-08-11T10:58:13Z}
{"logTime": "0114/082701", "correlationVector":"gsRqpY9N6/s1qgyZD32Kxc.1","action":"EncryptionKeysManager::SetEncryptionKeys:", "result":"Success", "context":Key names[1]:[HNVAF4ulpdU7Yya4ir3Hpb3EQFr9+NCiyTpJ4Sh57Ivnv/vxvz1+lJ16VHgLNdmD7IWUIUKy4MRa9N42uhjrhw==]}
{"logTime": "0114/082701", "correlationVector":"gsRqpY9N6/s1qgyZD32Kxc.2","action":"EncryptionKeysManager::SetEncryptionKeysWithTimestamps:", "result":"Success", "context":Key timestamps[1]:[2025-08-11T10:58:13Z]}
{"logTime": "0114/082701", "correlationVector":"vlsDlfZTV2tKwOBswVxLbk","action":"Initial GetUpdates", "result":"", "context":Reason: NEW_CLIENT. cV=vlsDlfZTV2tKwOBswVxLbk}
{"logTime": "0114/082701", "correlationVector":"vlsDlfZTV2tKwOBswVxLbk.3","action":"GetUpdates Response", "result":"Success", "context":Received 1 update(s). cV=vlsDlfZTV2tKwOBswVxLbk.0;server=akswtt110000025;cloudType=Consumer;environment=Prod_francecentral_prod-s01-062-eur-francecentral;migrationStage=NotStarted}
{"logTime": "0114/082701", "correlationVector":"B+29ATjKrF8KfqPcIdfIPl","action":"Initial GetUpdates", "result":"", "context":Reason: NEWLY_SUPPORTED_DATATYPE. cV=B+29ATjKrF8KfqPcIdfIPl}
{"logTime": "0114/082702", "correlationVector":"B+29ATjKrF8KfqPcIdfIPl.1","action":"SyncServerConnectionManagerRequest", "result":"SYNC_SERVER_OK", "context":{"environment":"Prod_germanywestcentral_prod-s01-011-eur-germanywestcentral", "migrationStage":"NotStarted", "server":"akswtt00000000f"}}
{"logTime": "0114/082702", "correlationVector":"B+29ATjKrF8KfqPcIdfIPl.2","action":"ProcessGetUpdates", "result":"Done", "context":{"dataType":"Preferences", "deleted":"0", "process_failed_to_decrypt":"0", "process_pending_decryption":"0", "process_success":"34", "total":"34"}}
{"logTime": "0114/082702", "correlationVector":"B+29ATjKrF8KfqPcIdfIPl.3","action":"GetUpdates Response", "result":"Success", "context":Received 34 update(s). cV=B+29ATjKrF8KfqPcIdfIPl.0;server=akswtt00000000f;cloudType=Consumer;environment=Prod_germanywestcentral_prod-s01-011-eur-germanywestcentral;migrationStage=NotStarted}
{"logTime": "0114/082702", "correlationVector":"Eg418lBWz/YPE5OY3FL9+b","action":"Initial GetUpdates", "result":"", "context":Reason: NEWLY_SUPPORTED_DATATYPE. cV=Eg418lBWz/YPE5OY3FL9+b}
{"logTime": "0114/082702", "correlationVector":"Eg418lBWz/YPE5OY3FL9+b.1","action":"SyncServerConnectionManagerRequest", "result":"SYNC_SERVER_OK", "context":{"environment":"Prod_francecentral_prod-s01-062-eur-francecentral", "migrationStage":"NotStarted", "server":"akswtt11000002c"}}
{"logTime": "0114/082702", "correlationVector":"Eg418lBWz/YPE5OY3FL9+b.2","action":"ProcessGetUpdates", "result":"Done", "context":{"dataType":"Bookmarks", "deleted":"0", "process_failed_to_decrypt":"0", "process_pending_decryption":"0", "process_success":"6", "total":"6"}}
{"logTime": "0114/082702", "correlationVector":"Eg418lBWz/YPE5OY3FL9+b.3","action":"GetUpdates Response", "result":"Success", "context":Received 6 update(s). cV=Eg418lBWz/YPE5OY3FL9+b.0;server=akswtt11000002c;cloudType=Consumer;environment=Prod_francecentral_prod-s01-062-eur-francecentral;migrationStage=NotStarted}
{"logTime": "0114/082702", "correlationVector":"Z7GXcG5J3vBNJmSteE6Xl/","action":"Initial GetUpdates", "result":"", "context":Reason: NEWLY_SUPPORTED_DATATYPE. cV=Z7GXcG5J3vBNJmSteE6Xl/}
{"logTime": "0114/082702", "correlationVector":"Z7GXcG5J3vBNJmSteE6Xl/.1","action":"SyncServerConnectionManagerRequest", "result":"SYNC_SERVER_OK", "context":{"environment":"Prod_francecentral_prod-s01-062-eur-francecentral", "migrationStage":"NotStarted", "server":"akswtt11000001q"}}
{"logTime": "0114/082702", "correlationVector":"Z7GXcG5J3vBNJmSteE6Xl/.2","action":"ProcessGetUpdates", "result":"Done", "context":{"dataType":"Autofill", "deleted":"0", "process_failed_to_decrypt":"0", "process_pending_decryption":"0", "process_success":"1", "total":"1"}}
{"logTime": "0114/082702", "correlationVector":"Z7GXcG5J3vBNJmSteE6Xl/.3","action":"ProcessGetUpdates", "result":"Done", "context":{"dataType":"Sessions", "deleted":"11", "process_failed_to_decrypt":"0", "process_pending_decryption":"0", "process_success":"16", "total":"16"}}
{"logTime": "0114/082702", "correlationVector":"Z7GXcG5J3vBNJmSteE6Xl/.4","action":"ProcessGetUpdates", "result":"Done", "context":{"dataType":"Edge Hub App Usage", "deleted":"2", "process_failed_to_decrypt":"0", "process_pending_decryption":"0", "process_success":"4", "total":"4"}}
{"logTime": "0114/082702", "correlationVector":"Z7GXcG5J3vBNJmSteE6Xl/.5","action":"GetUpdates Response", "result":"Success", "context":Received 21 update(s). cV=Z7GXcG5J3vBNJmSteE6Xl/.0;server=akswtt11000001q;cloudType=Consumer;environment=Prod_francecentral_prod-s01-062-eur-francecentral;migrationStage=NotStarted}
{"logTime": "0114/082702", "correlationVector":"bCFhOH/Qy9/2sxEZHR4AXq","action":"Initial GetUpdates", "result":"", "context":Reason: NEWLY_SUPPORTED_DATATYPE. cV=bCFhOH/Qy9/2sxEZHR4AXq}
{"logTime": "0114/082702", "correlationVector":"bCFhOH/Qy9/2sxEZHR4AXq.1","action":"SyncServerConnectionManagerRequest", "result":"SYNC_SERVER_OK", "context":{"environment":"Prod_germanywestcentral_prod-s01-010-eur-germanywestcentral", "migrationStage":"NotStarted", "server":"akswtt108000007"}}
{"logTime": "0114/082702", "correlationVector":"bCFhOH/Qy9/2sxEZHR4AXq.2","action":"ProcessGetUpdates", "result":"Done", "context":{"dataType":"History", "deleted":"0", "process_failed_to_decrypt":"0", "process_pending_decryption":"0", "process_success":"19", "total":"19"}}
{"logTime": "0114/082702", "correlationVector":"bCFhOH/Qy9/2sxEZHR4AXq.3","action":"GetUpdates Response", "result":"Success", "context":Received 19 update(s). cV=bCFhOH/Qy9/2sxEZHR4AXq.0;server=akswtt108000007;cloudType=Consumer;environment=Prod_germanywestcentral_prod-s01-010-eur-germanywestcentral;migrationStage=NotStarted}
{"logTime": "0114/082702", "correlationVector":"0+GhZhLrd7bZrkXtsXoWx4","action":"Normal GetUpdate request", "result":"", "context":cV=0+GhZhLrd7bZrkXtsXoWx4
Nudged types: Sessions, Device Info, User Consents
Refresh requested types: Bookmarks, Preferences, Passwords, Autofill Profiles, Autofill, Extensions, Sessions, Extension settings, History Delete Directives, Device Info, User Consents, Send Tab To Self, Web Apps, History, Saved Tab Group, WebAuthn Credentials, Collection, Edge E Drop, Edge Hub App Usage, Edge Wallet, Encryption Keys}
{"logTime": "0114/082703", "correlationVector":"0+GhZhLrd7bZrkXtsXoWx4.1","action":"SyncServerConnectionManagerRequest", "result":"SYNC_SERVER_OK", "context":{"environment":"Prod_francecentral_prod-s01-062-eur-francecentral", "migrationStage":"NotStarted", "server":"akswtt11000001g"}}
{"logTime": "0114/082703", "correlationVector":"0+GhZhLrd7bZrkXtsXoWx4.2","action":"GetUpdates Response", "result":"Success", "context":Received 0 update(s). cV=0+GhZhLrd7bZrkXtsXoWx4.0;server=akswtt11000001g;cloudType=Consumer;environment=Prod_francecentral_prod-s01-062-eur-francecentral;migrationStage=NotStarted}
{"logTime": "0114/082703", "correlationVector":"4Gcbp0e1FzSc1Ecq1thUl4","action":"DoCompareDataConsistency requsted types: ", "result":"Bookmarks, Preferences, Passwords, Extensions, Extension settings, History Delete Directives, Send Tab To Self, Web Apps, History, Saved Tab Group, WebAuthn Credentials, Collection, Edge E Drop, Edge Wallet, Encryption Keys"}
{"logTime": "0114/082703", "correlationVector":"4Gcbp0e1FzSc1Ecq1thUl4.0","action":"CompareDataConsistency result: ", "result":"Compare result: Encryption Keys is consistent. local entities count is: 1 local entities hash is: Lxtx8RmUt4haIBtwN1j7xNd7Tvc="}
{"logTime": "0114/082703", "correlationVector":"4Gcbp0e1FzSc1Ecq1thUl4.1","action":"CompareDataConsistency result: ", "result":"Compare result: Bookmarks is consistent. local entities count is: 0 local entities hash is: "}
{"logTime": "0114/082703", "correlationVector":"4Gcbp0e1FzSc1Ecq1thUl4.2","action":"CompareDataConsistency result: ", "result":"Compare result: Preferences is consistent. local entities count is: 34 local entities hash is: ozTAEmzK3mpMj8CXep/ys/FyFEA="}
{"logTime": "0114/082703", "correlationVector":"4Gcbp0e1FzSc1Ecq1thUl4.3","action":"CompareDataConsistency result: ", "result":"Compare result: Extensions is consistent. local entities count is: 0 local entities hash is: "}
{"logTime": "0114/082703", "correlationVector":"4Gcbp0e1FzSc1Ecq1thUl4.4","action":"CompareDataConsistency result: ", "result":"Compare result: Extension settings is consistent. local entities count is: 0 local entities hash is: "}
{"logTime": "0114/082703", "correlationVector":"4Gcbp0e1FzSc1Ecq1thUl4.5","action":"CompareDataConsistency result: ", "result":"Compare result: History Delete Directives is consistent. local entities count is: 0 local entities hash is: "}
{"logTime": "0114/082703", "correlationVector":"4Gcbp0e1FzSc1Ecq1thUl4.6","action":"CompareDataConsistency result: ", "result":"Server did not send this Send Tab To Self local entities count is: 0 local entities hash is: "}
{"logTime": "0114/082703", "correlationVector":"4Gcbp0e1FzSc1Ecq1thUl4.7","action":"CompareDataConsistency result: ", "result":"Compare result: Web Apps is consistent. local entities count is: 0 local entities hash is: "}
{"logTime": "0114/082703", "correlationVector":"4Gcbp0e1FzSc1Ecq1thUl4.8","action":"CompareDataConsistency result: ", "result":"Server did not send this History local entities count is: 0 local entities hash is: "}
{"logTime": "0114/082703", "correlationVector":"4Gcbp0e1FzSc1Ecq1thUl4.9","action":"CompareDataConsistency result: ", "result":"Compare result: Saved Tab Group is consistent. local entities count is: 0 local entities hash is: "}
{"logTime": "0114/082703", "correlationVector":"4Gcbp0e1FzSc1Ecq1thUl4.10","action":"CompareDataConsistency result: ", "result":"Server did not send this WebAuthn Credentials local entities count is: 0 local entities hash is: "}
{"logTime": "0114/082703", "correlationVector":"4Gcbp0e1FzSc1Ecq1thUl4.11","action":"CompareDataConsistency result: ", "result":"Compare result: Collection is consistent. local entities count is: 0 local entities hash is: "}
{"logTime": "0114/082703", "correlationVector":"4Gcbp0e1FzSc1Ecq1thUl4.12","action":"CompareDataConsistency result: ", "result":"Compare result: Edge E Drop is consistent. local entities count is: 0 local entities hash is: "}
{"logTime": "0114/082703", "correlationVector":"4Gcbp0e1FzSc1Ecq1thUl4.13","action":"CompareDataConsistency result: ", "result":"Compare result: Edge Wallet is consistent. local entities count is: 0 local entities hash is: "}
{"logTime": "0114/082703", "correlationVector":"4Gcbp0e1FzSc1Ecq1thUl4.14","action":"CompareDataConsistency result: ", "result":"Compare result: Passwords is consistent. local entities count is: 0 local entities hash is: "}
{"logTime": "0114/082703", "correlationVector":"qb4okVNdsgplfV1h/g9E/l","action":"Commit Request", "result":"", "context":Item count: 5
Contributing types: Sessions, Device Info, User Consents}
{"logTime": "0114/082703", "correlationVector":"qb4okVNdsgplfV1h/g9E/l.1","action":"SyncServerConnectionManagerRequest", "result":"SYNC_SERVER_OK", "context":{"environment":"Prod_francecentral_prod-s01-062-eur-francecentral", "migrationStage":"NotStarted", "server":"akswtt11000000l"}}
{"logTime": "0114/082703", "correlationVector":"qb4okVNdsgplfV1h/g9E/l.2","action":"Commit Response", "result":"Success", "context":Result: Success. cV=qb4okVNdsgplfV1h/g9E/l.0;server=akswtt11000000l;cloudType=Consumer;environment=Prod_francecentral_prod-s01-062-eur-francecentral;migrationStage=NotStarted}
{"logTime": "0114/082703", "correlationVector":"","action":"DIAGNOSTIC_REQUEST|v1/diagnosticData/Diagnostic.SendCheckResult()|SUCCESS", "result":""}
{"logTime": "0114/082703", "correlationVector":"xMwtn78WIhC1nKeHGTfEiq","action":"Commit Request", "result":"", "context":Item count: 3
Contributing types: Sessions, History, Edge Hub App Usage}
{"logTime": "0114/082704", "correlationVector":"xMwtn78WIhC1nKeHGTfEiq.1","action":"SyncServerConnectionManagerRequest", "result":"SYNC_SERVER_OK", "context":{"environment":"Prod_germanywestcentral_prod-s01-011-eur-germanywestcentral", "migrationStage":"NotStarted", "server":"akswtt000000000"}}
{"logTime": "0114/082704", "correlationVector":"xMwtn78WIhC1nKeHGTfEiq.2","action":"Commit Response", "result":"Success", "context":Result: Success. cV=xMwtn78WIhC1nKeHGTfEiq.0;server=akswtt000000000;cloudType=Consumer;environment=Prod_germanywestcentral_prod-s01-011-eur-germanywestcentral;migrationStage=NotStarted}
{"logTime": "0114/082730", "correlationVector":"1wr+SMKAaIAqWp+gkk/EYb","action":"Commit Request", "result":"", "context":Item count: 4
Contributing types: Preferences, Sessions, History}
{"logTime": "0114/082732", "correlationVector":"1wr+SMKAaIAqWp+gkk/EYb.1","action":"SyncServerConnectionManagerRequest", "result":"SYNC_SERVER_OK", "context":{"environment":"Prod_francecentral_prod-s01-062-eur-francecentral", "migrationStage":"NotStarted", "server":"akswtt11000001s"}}
{"logTime": "0114/082732", "correlationVector":"1wr+SMKAaIAqWp+gkk/EYb.2","action":"Commit Response", "result":"Success", "context":Result: Success. cV=1wr+SMKAaIAqWp+gkk/EYb.0;server=akswtt11000001s;cloudType=Consumer;environment=Prod_francecentral_prod-s01-062-eur-francecentral;migrationStage=NotStarted}
